// Jest Snapshot v1, https://goo.gl/fbAQLP

exports[`Pruebas en <PrimeraApp /> Debe mostar <PrimeraApp /> correctamente 1`] = `
<Fragment>
  <h1>
    Hola, soy Goku
  </h1>
  <p>
    ahi les voy
  </p>
</Fragment>
`;
